........................................................................ [  5%]
........................................................................ [ 11%]
..............s......................................................... [ 17%]
........................................................................ [ 23%]
........................................................................ [ 29%]
........................................................................ [ 34%]
........................................................................ [ 40%]
........................................................................ [ 46%]
........................................................................ [ 52%]
........................................................................ [ 58%]
........................................................................ [ 63%]
........................................................................ [ 69%]
........................................................................ [ 75%]
........................................................................ [ 81%]
........................................................................ [ 87%]
........................................................................ [ 93%]
........................................................................ [ 98%]
..............                                                           [100%]
============================== warnings summary ===============================
python/tests/test_comprehensive_suite.py::test_belief_matching_decode
  C:\Users\Clinque du Batiment\Desktop\qector-decoder-clean\python\qector_decoder_v3\_bp_core.py:103: RuntimeWarning: divide by zero encountered in log
    logabs = np.log(np.abs(t))

python/tests/test_comprehensive_suite.py::test_belief_matching_decode
  C:\Users\Clinque du Batiment\Desktop\qector-decoder-clean\python\qector_decoder_v3\_bp_core.py:111: RuntimeWarning: invalid value encountered in subtract
    loo_log = sum_log[ic] - logabs

python/tests/test_dem.py::test_stim_compat_reroute_matches_dem
  C:\Users\Clinque du Batiment\Desktop\qector-decoder-clean\python\tests\test_dem.py:115: DeprecationWarning: stim_compat is deprecated since v0.6.4. Use qector_decoder_v3.dem.from_stim() instead. See the migration guide at https://qector.store/docs/migration-v0.6.4
    c2q, nq = stim_compat.from_stim_detector_error_model(REP_DEM)

python/tests/test_ecosystem.py::test_qiskit_plugin_integration
  C:\Users\Clinque du Batiment\Desktop\qector-build-full\qector-build-rc-0.6.2\python\tests\test_ecosystem.py:13: UserWarning: Qiskit n'est pas installé. L'intégration fonctionne en mode 'dict brut'. Pour l'usage complet : pip install qiskit
    out = decode_qiskit_result(raw, code_distance=3)

python/tests/test_ecosystem.py::test_stim_compat_integration
  C:\Users\Clinque du Batiment\Desktop\qector-build-full\qector-build-rc-0.6.2\python\tests\test_ecosystem.py:25: DeprecationWarning: stim_compat is deprecated since v0.6.4. Use qector_decoder_v3.dem.from_stim() instead. See the migration guide at https://qector.store/docs/migration-v0.6.4
    decoder = to_stim_decoder(c2q)

python/tests/test_new_modules.py::TestQiskitPlugin::test_dict_raw_mode
  C:\Users\Clinque du Batiment\Desktop\qector-decoder-clean\python\tests\test_new_modules.py:184: UserWarning: Qiskit n'est pas installé. L'intégration fonctionne en mode 'dict brut'. Pour l'usage complet : pip install qiskit
    out = qd.qiskit_plugin.decode_qiskit_result(raw, code_distance=3)

python/tests/test_new_modules.py::TestQiskitPlugin::test_empty_counts
  C:\Users\Clinque du Batiment\Desktop\qector-decoder-clean\python\tests\test_new_modules.py:192: UserWarning: Qiskit n'est pas installé. L'intégration fonctionne en mode 'dict brut'. Pour l'usage complet : pip install qiskit
    out = qd.qiskit_plugin.decode_qiskit_result(raw, code_distance=3)

python/tests/test_new_modules.py::TestQiskitPlugin::test_create_decoder_factory
  C:\Users\Clinque du Batiment\Desktop\qector-decoder-clean\python\qector_decoder_v3\qiskit_plugin.py:205: UserWarning: Qiskit n'est pas installé. L'intégration fonctionne en mode 'dict brut'. Pour l'usage complet : pip install qiskit
    return decode_qiskit_result(

python/tests/test_new_modules.py::TestQiskitPlugin::test_hex_to_syndrome
  C:\Users\Clinque du Batiment\Desktop\qector-decoder-clean\python\tests\test_new_modules.py:204: UserWarning: Qiskit n'est pas installé. L'intégration fonctionne en mode 'dict brut'. Pour l'usage complet : pip install qiskit
    out = qd.qiskit_plugin.decode_qiskit_result(raw, code_distance=3)

python/tests/test_new_modules.py::TestStimCompat::test_to_stim_decoder
  C:\Users\Clinque du Batiment\Desktop\qector-decoder-clean\python\tests\test_new_modules.py:213: DeprecationWarning: stim_compat is deprecated since v0.6.4. Use qector_decoder_v3.dem.from_stim() instead. See the migration guide at https://qector.store/docs/migration-v0.6.4
    decoder = qd.stim_compat.to_stim_decoder(checks, n_qubits)

python/tests/test_new_modules.py::TestStimCompat::test_stim_decoder_with_batch
  C:\Users\Clinque du Batiment\Desktop\qector-decoder-clean\python\tests\test_new_modules.py:220: DeprecationWarning: stim_compat is deprecated since v0.6.4. Use qector_decoder_v3.dem.from_stim() instead. See the migration guide at https://qector.store/docs/migration-v0.6.4
    decoder = qd.stim_compat.to_stim_decoder(checks, n_qubits, use_batch=True)

python/tests/test_new_modules.py::TestStimCompat::test_stim_decoder_repr
  C:\Users\Clinque du Batiment\Desktop\qector-decoder-clean\python\tests\test_new_modules.py:227: DeprecationWarning: stim_compat is deprecated since v0.6.4. Use qector_decoder_v3.dem.from_stim() instead. See the migration guide at https://qector.store/docs/migration-v0.6.4
    decoder = qd.stim_compat.to_stim_decoder(checks, n_qubits)

python/tests/test_new_modules.py::TestStimCompat::test_from_stim_dem_raises
  C:\Users\Clinque du Batiment\Desktop\qector-decoder-clean\python\tests\test_new_modules.py:234: DeprecationWarning: stim_compat is deprecated since v0.6.4. Use qector_decoder_v3.dem.from_stim() instead. See the migration guide at https://qector.store/docs/migration-v0.6.4
    qd.stim_compat.from_stim_detector_error_model(None)

python/tests/test_new_modules.py::TestStimCompat::test_stim_decoder_from_dem_raises
  C:\Users\Clinque du Batiment\Desktop\qector-decoder-clean\python\tests\test_new_modules.py:238: DeprecationWarning: stim_compat is deprecated since v0.6.4. Use qector_decoder_v3.dem.from_stim() instead. See the migration guide at https://qector.store/docs/migration-v0.6.4
    qd.stim_compat.stim_decoder_from_dem(None)

python/tests/test_new_modules.py::TestStimCompat::test_stim_decoder_from_dem_raises
  C:\Users\Clinque du Batiment\Desktop\qector-decoder-clean\python\qector_decoder_v3\stim_compat.py:150: DeprecationWarning: stim_compat is deprecated since v0.6.4. Use qector_decoder_v3.dem.from_stim() instead. See the migration guide at https://qector.store/docs/migration-v0.6.4
    c2q, nq = from_stim_detector_error_model(dem)

-- Docs: https://docs.pytest.org/en/stable/how-to/capture-warnings.html
1237 passed, 1 skipped, 15 warnings in 985.65s (0:16:25)
exit=0
